Archive member included because of file (symbol)

/usr/lib/gcc/avr/4.8.1/avr35/libgcc.a(_udivmodsi4.o)
                              Arduino-usbserial.o (__udivmodsi4)
/usr/lib/gcc/avr/4.8.1/avr35/libgcc.a(_divmodsi4.o)
                              Arduino-usbserial.o (__divmodsi4)
/usr/lib/gcc/avr/4.8.1/avr35/libgcc.a(_negsi2.o)
                              /usr/lib/gcc/avr/4.8.1/avr35/libgcc.a(_divmodsi4.o) (__negsi2)
/usr/lib/gcc/avr/4.8.1/avr35/libgcc.a(_exit.o)
                              /usr/lib/gcc/avr/4.8.1/../../../avr/lib/avr35/crtm16u2.o (exit)
/usr/lib/gcc/avr/4.8.1/avr35/libgcc.a(_tablejump.o)
                              ../../LUFA/Drivers/USB/HighLevel/DeviceStandardReq.o (__tablejump2__)
/usr/lib/gcc/avr/4.8.1/avr35/libgcc.a(_copy_data.o)
                              Arduino-usbserial.o (__do_copy_data)
/usr/lib/gcc/avr/4.8.1/avr35/libgcc.a(_clear_bss.o)
                              Arduino-usbserial.o (__do_clear_bss)
/usr/lib/gcc/avr/4.8.1/../../../avr/lib/avr35/libc.a(memcpy_P.o)
                              ../../LUFA/Drivers/USB/Class/Device/RNDIS.o (memcpy_P)
/usr/lib/gcc/avr/4.8.1/../../../avr/lib/avr35/libc.a(memcmp.o)
                              ../../LUFA/Drivers/USB/Class/Device/HID.o (memcmp)
/usr/lib/gcc/avr/4.8.1/../../../avr/lib/avr35/libc.a(memcpy.o)
                              ../../LUFA/Drivers/USB/Class/Device/HID.o (memcpy)
/usr/lib/gcc/avr/4.8.1/../../../avr/lib/avr35/libc.a(memset.o)
                              ../../LUFA/Drivers/USB/Class/Device/HID.o (memset)
/usr/lib/gcc/avr/4.8.1/../../../avr/lib/avr35/libc.a(eerd_byte_atmega8u2.o)
                              ../../LUFA/Drivers/USB/LowLevel/Endpoint.o (__eerd_byte_m8u2)
/usr/lib/gcc/avr/4.8.1/../../../avr/lib/avr35/libc.a(eeupd_byte_atmega8u2.o)
                              ../../LUFA/Drivers/USB/LowLevel/Endpoint.o (__eeupd_byte_m8u2)

Allocating common symbols
Common symbol       size              file

USB_IsInitialized   0x1               ../../LUFA/Drivers/USB/HighLevel/USBTask.o
USB_CurrentlySelfPowered
                    0x1               ../../LUFA/Drivers/USB/HighLevel/DeviceStandardReq.o
USB_RemoteWakeupEnabled
                    0x1               ../../LUFA/Drivers/USB/HighLevel/DeviceStandardReq.o
PulseMSRemaining    0x3               Arduino-usbserial.o
USB_ControlRequest  0x8               ../../LUFA/Drivers/USB/HighLevel/USBTask.o
USB_ConfigurationNumber
                    0x1               ../../LUFA/Drivers/USB/HighLevel/DeviceStandardReq.o
USARTtoUSB_Buffer   0x85              Arduino-usbserial.o
USBtoUSART_Buffer   0x85              Arduino-usbserial.o

Discarded input sections

 .bss           0x00000000        0x0 /usr/lib/gcc/avr/4.8.1/../../../avr/lib/avr35/crtm16u2.o
 .text          0x00000000        0x0 Arduino-usbserial.o
 .text          0x00000000        0x0 Descriptors.o
 .bss           0x00000000        0x0 Descriptors.o
 .text          0x00000000        0x0 ../../LUFA/Drivers/USB/LowLevel/Device.o
 .bss           0x00000000        0x0 ../../LUFA/Drivers/USB/LowLevel/Device.o
 .text.USB_Device_SendRemoteWakeup
                0x00000000       0x2e ../../LUFA/Drivers/USB/LowLevel/Device.o
 .text          0x00000000        0x0 ../../LUFA/Drivers/USB/LowLevel/Endpoint.o
 .bss           0x00000000        0x0 ../../LUFA/Drivers/USB/LowLevel/Endpoint.o
 .text.Endpoint_Discard_Stream
                0x00000000       0x50 ../../LUFA/Drivers/USB/LowLevel/Endpoint.o
 .text.Endpoint_Write_Stream_LE
                0x00000000       0x62 ../../LUFA/Drivers/USB/LowLevel/Endpoint.o
 .text.Endpoint_Write_PStream_LE
                0x00000000       0x68 ../../LUFA/Drivers/USB/LowLevel/Endpoint.o
 .text.Endpoint_Write_EStream_LE
                0x00000000       0x76 ../../LUFA/Drivers/USB/LowLevel/Endpoint.o
 .text.Endpoint_Write_Stream_BE
                0x00000000       0x7c ../../LUFA/Drivers/USB/LowLevel/Endpoint.o
 .text.Endpoint_Write_EStream_BE
                0x00000000       0x88 ../../LUFA/Drivers/USB/LowLevel/Endpoint.o
 .text.Endpoint_Write_PStream_BE
                0x00000000       0x82 ../../LUFA/Drivers/USB/LowLevel/Endpoint.o
 .text.Endpoint_Read_Stream_LE
                0x00000000       0x62 ../../LUFA/Drivers/USB/LowLevel/Endpoint.o
 .text.Endpoint_Read_EStream_LE
                0x00000000       0x76 ../../LUFA/Drivers/USB/LowLevel/Endpoint.o
 .text.Endpoint_Read_Stream_BE
                0x00000000       0x7c ../../LUFA/Drivers/USB/LowLevel/Endpoint.o
 .text.Endpoint_Read_EStream_BE
                0x00000000       0x88 ../../LUFA/Drivers/USB/LowLevel/Endpoint.o
 .text.Endpoint_Write_Control_EStream_LE
                0x00000000       0xdc ../../LUFA/Drivers/USB/LowLevel/Endpoint.o
 .text.Endpoint_Write_Control_Stream_BE
                0x00000000       0xba ../../LUFA/Drivers/USB/LowLevel/Endpoint.o
 .text.Endpoint_Write_Control_PStream_BE
                0x00000000       0xba ../../LUFA/Drivers/USB/LowLevel/Endpoint.o
 .text.Endpoint_Write_Control_EStream_BE
                0x00000000       0xee ../../LUFA/Drivers/USB/LowLevel/Endpoint.o
 .text.Endpoint_Read_Control_EStream_LE
                0x00000000       0x8c ../../LUFA/Drivers/USB/LowLevel/Endpoint.o
 .text.Endpoint_Read_Control_Stream_BE
                0x00000000       0x84 ../../LUFA/Drivers/USB/LowLevel/Endpoint.o
 .text.Endpoint_Read_Control_EStream_BE
                0x00000000       0x92 ../../LUFA/Drivers/USB/LowLevel/Endpoint.o
 .text          0x00000000        0x0 ../../LUFA/Drivers/USB/LowLevel/Host.o
 .bss           0x00000000        0x0 ../../LUFA/Drivers/USB/LowLevel/Host.o
 .text          0x00000000        0x0 ../../LUFA/Drivers/USB/LowLevel/Pipe.o
 .bss           0x00000000        0x0 ../../LUFA/Drivers/USB/LowLevel/Pipe.o
 .text          0x00000000        0x0 ../../LUFA/Drivers/USB/LowLevel/USBController.o
 .bss           0x00000000        0x0 ../../LUFA/Drivers/USB/LowLevel/USBController.o
 .text.USB_ShutDown
                0x00000000       0x32 ../../LUFA/Drivers/USB/LowLevel/USBController.o
 .text          0x00000000        0x0 ../../LUFA/Drivers/USB/LowLevel/USBInterrupt.o
 .bss           0x00000000        0x0 ../../LUFA/Drivers/USB/LowLevel/USBInterrupt.o
 .text          0x00000000        0x0 ../../LUFA/Drivers/USB/HighLevel/ConfigDescriptor.o
 .bss           0x00000000        0x0 ../../LUFA/Drivers/USB/HighLevel/ConfigDescriptor.o
 .text.USB_GetNextDescriptorOfType
                0x00000000       0x42 ../../LUFA/Drivers/USB/HighLevel/ConfigDescriptor.o
 .text.USB_GetNextDescriptorOfTypeBefore
                0x00000000       0x4a ../../LUFA/Drivers/USB/HighLevel/ConfigDescriptor.o
 .text.USB_GetNextDescriptorOfTypeAfter
                0x00000000       0x3e ../../LUFA/Drivers/USB/HighLevel/ConfigDescriptor.o
 .text.USB_GetNextDescriptorComp
                0x00000000       0x7c ../../LUFA/Drivers/USB/HighLevel/ConfigDescriptor.o
 .text          0x00000000        0x0 ../../LUFA/Drivers/USB/HighLevel/DeviceStandardReq.o
 .bss           0x00000000        0x0 ../../LUFA/Drivers/USB/HighLevel/DeviceStandardReq.o
 .text          0x00000000        0x0 ../../LUFA/Drivers/USB/HighLevel/Events.o
 .bss           0x00000000        0x0 ../../LUFA/Drivers/USB/HighLevel/Events.o
 .text          0x00000000        0x0 ../../LUFA/Drivers/USB/HighLevel/HostStandardReq.o
 .bss           0x00000000        0x0 ../../LUFA/Drivers/USB/HighLevel/HostStandardReq.o
 .text          0x00000000        0x0 ../../LUFA/Drivers/USB/HighLevel/USBTask.o
 .bss           0x00000000        0x0 ../../LUFA/Drivers/USB/HighLevel/USBTask.o
 .text          0x00000000        0x0 ../../LUFA/Drivers/USB/Class/Host/HIDParser.o
 .bss           0x00000000        0x0 ../../LUFA/Drivers/USB/Class/Host/HIDParser.o
 .text          0x00000000        0x0 ../../LUFA/Drivers/USB/Class/Device/Audio.o
 .bss           0x00000000        0x0 ../../LUFA/Drivers/USB/Class/Device/Audio.o
 .text.Audio_Device_ProcessControlRequest
                0x00000000       0x4c ../../LUFA/Drivers/USB/Class/Device/Audio.o
 .text.Audio_Device_ConfigureEndpoints
                0x00000000       0x56 ../../LUFA/Drivers/USB/Class/Device/Audio.o
 .text          0x00000000        0x0 ../../LUFA/Drivers/USB/Class/Device/CDC.o
 .bss           0x00000000        0x0 ../../LUFA/Drivers/USB/Class/Device/CDC.o
 .text.CDC_Device_SendString
                0x00000000       0x3a ../../LUFA/Drivers/USB/Class/Device/CDC.o
 .text.CDC_Device_putchar
                0x00000000       0x22 ../../LUFA/Drivers/USB/Class/Device/CDC.o
 .text.CDC_Device_BytesReceived
                0x00000000       0x46 ../../LUFA/Drivers/USB/Class/Device/CDC.o
 .text.CDC_Device_getchar
                0x00000000       0x14 ../../LUFA/Drivers/USB/Class/Device/CDC.o
 .text.CDC_Device_getchar_Blocking
                0x00000000       0x30 ../../LUFA/Drivers/USB/Class/Device/CDC.o
 .rodata        0x00000000        0x8 ../../LUFA/Drivers/USB/Class/Device/CDC.o
 .text.CDC_Device_SendControlLineStateChange
                0x00000000       0x8a ../../LUFA/Drivers/USB/Class/Device/CDC.o
 .text.CDC_Device_CreateStream
                0x00000000       0x26 ../../LUFA/Drivers/USB/Class/Device/CDC.o
 .text.CDC_Device_CreateBlockingStream
                0x00000000       0x26 ../../LUFA/Drivers/USB/Class/Device/CDC.o
 .text          0x00000000        0x0 ../../LUFA/Drivers/USB/Class/Device/HID.o
 .bss           0x00000000        0x0 ../../LUFA/Drivers/USB/Class/Device/HID.o
 .text.HID_Device_ProcessControlRequest
                0x00000000      0x242 ../../LUFA/Drivers/USB/Class/Device/HID.o
 .text.HID_Device_ConfigureEndpoints
                0x00000000       0x4a ../../LUFA/Drivers/USB/Class/Device/HID.o
 .text.HID_Device_USBTask
                0x00000000      0x15c ../../LUFA/Drivers/USB/Class/Device/HID.o
 .text          0x00000000        0x0 ../../LUFA/Drivers/USB/Class/Device/MassStorage.o
 .bss           0x00000000        0x2 ../../LUFA/Drivers/USB/Class/Device/MassStorage.o
 .text.StreamCallback_MS_Device_AbortOnMassStoreReset
                0x00000000        0xc ../../LUFA/Drivers/USB/Class/Device/MassStorage.o
 .text.MS_Device_ProcessControlRequest
                0x00000000       0x6a ../../LUFA/Drivers/USB/Class/Device/MassStorage.o
 .text.MS_Device_ConfigureEndpoints
                0x00000000       0x7c ../../LUFA/Drivers/USB/Class/Device/MassStorage.o
 .text.MS_Device_USBTask
                0x00000000      0x1d6 ../../LUFA/Drivers/USB/Class/Device/MassStorage.o
 .text          0x00000000        0x0 ../../LUFA/Drivers/USB/Class/Device/MIDI.o
 .bss           0x00000000        0x0 ../../LUFA/Drivers/USB/Class/Device/MIDI.o
 .text.MIDI_Device_ConfigureEndpoints
                0x00000000       0x7a ../../LUFA/Drivers/USB/Class/Device/MIDI.o
 .text.MIDI_Device_SendEventPacket
                0x00000000       0x42 ../../LUFA/Drivers/USB/Class/Device/MIDI.o
 .text.MIDI_Device_Flush
                0x00000000       0x2c ../../LUFA/Drivers/USB/Class/Device/MIDI.o
 .text.MIDI_Device_ReceiveEventPacket
                0x00000000       0x3e ../../LUFA/Drivers/USB/Class/Device/MIDI.o
 .text          0x00000000        0x0 ../../LUFA/Drivers/USB/Class/Device/RNDIS.o
 .bss           0x00000000        0x0 ../../LUFA/Drivers/USB/Class/Device/RNDIS.o
 .text.RNDIS_Device_ProcessControlRequest
                0x00000000      0x4fa ../../LUFA/Drivers/USB/Class/Device/RNDIS.o
 .text.RNDIS_Device_ConfigureEndpoints
                0x00000000       0xac ../../LUFA/Drivers/USB/Class/Device/RNDIS.o
 .rodata        0x00000000        0x8 ../../LUFA/Drivers/USB/Class/Device/RNDIS.o
 .text.RNDIS_Device_USBTask
                0x00000000      0x1e8 ../../LUFA/Drivers/USB/Class/Device/RNDIS.o
 .progmem.data  0x00000000       0x6c ../../LUFA/Drivers/USB/Class/Device/RNDIS.o
 .text          0x00000000        0x0 ../../LUFA/Drivers/USB/Class/Host/CDC.o
 .bss           0x00000000        0x0 ../../LUFA/Drivers/USB/Class/Host/CDC.o
 .text          0x00000000        0x0 ../../LUFA/Drivers/USB/Class/Host/HID.o
 .bss           0x00000000        0x0 ../../LUFA/Drivers/USB/Class/Host/HID.o
 .text          0x00000000        0x0 ../../LUFA/Drivers/USB/Class/Host/MassStorage.o
 .bss           0x00000000        0x0 ../../LUFA/Drivers/USB/Class/Host/MassStorage.o
 .text          0x00000000        0x0 ../../LUFA/Drivers/USB/Class/Host/MIDI.o
 .bss           0x00000000        0x0 ../../LUFA/Drivers/USB/Class/Host/MIDI.o
 .text          0x00000000        0x0 ../../LUFA/Drivers/USB/Class/Host/Printer.o
 .bss           0x00000000        0x0 ../../LUFA/Drivers/USB/Class/Host/Printer.o
 .text          0x00000000        0x0 ../../LUFA/Drivers/USB/Class/Host/RNDIS.o
 .bss           0x00000000        0x0 ../../LUFA/Drivers/USB/Class/Host/RNDIS.o
 .text          0x00000000        0x0 ../../LUFA/Drivers/USB/Class/Host/StillImage.o
 .bss           0x00000000        0x0 ../../LUFA/Drivers/USB/Class/Host/StillImage.o
 .text          0x00000000        0x0 /usr/lib/gcc/avr/4.8.1/avr35/libgcc.a(_udivmodsi4.o)
 .bss           0x00000000        0x0 /usr/lib/gcc/avr/4.8.1/avr35/libgcc.a(_udivmodsi4.o)
 .text.libgcc.mul
                0x00000000        0x0 /usr/lib/gcc/avr/4.8.1/avr35/libgcc.a(_udivmodsi4.o)
 .text.libgcc   0x00000000        0x0 /usr/lib/gcc/avr/4.8.1/avr35/libgcc.a(_udivmodsi4.o)
 .text.libgcc.prologue
                0x00000000        0x0 /usr/lib/gcc/avr/4.8.1/avr35/libgcc.a(_udivmodsi4.o)
 .text.libgcc.builtins
                0x00000000        0x0 /usr/lib/gcc/avr/4.8.1/avr35/libgcc.a(_udivmodsi4.o)
 .text.libgcc.fmul
                0x00000000        0x0 /usr/lib/gcc/avr/4.8.1/avr35/libgcc.a(_udivmodsi4.o)
 .text.libgcc.fixed
                0x00000000        0x0 /usr/lib/gcc/avr/4.8.1/avr35/libgcc.a(_udivmodsi4.o)
 .text          0x00000000        0x0 /usr/lib/gcc/avr/4.8.1/avr35/libgcc.a(_divmodsi4.o)
 .bss           0x00000000        0x0 /usr/lib/gcc/avr/4.8.1/avr35/libgcc.a(_divmodsi4.o)
 .text.libgcc.mul
                0x00000000        0x0 /usr/lib/gcc/avr/4.8.1/avr35/libgcc.a(_divmodsi4.o)
 .text.libgcc   0x00000000        0x0 /usr/lib/gcc/avr/4.8.1/avr35/libgcc.a(_divmodsi4.o)
 .text.libgcc.prologue
                0x00000000        0x0 /usr/lib/gcc/avr/4.8.1/avr35/libgcc.a(_divmodsi4.o)
 .text.libgcc.builtins
                0x00000000        0x0 /usr/lib/gcc/avr/4.8.1/avr35/libgcc.a(_divmodsi4.o)
 .text.libgcc.fmul
                0x00000000        0x0 /usr/lib/gcc/avr/4.8.1/avr35/libgcc.a(_divmodsi4.o)
 .text.libgcc.fixed
                0x00000000        0x0 /usr/lib/gcc/avr/4.8.1/avr35/libgcc.a(_divmodsi4.o)
 .text          0x00000000        0x0 /usr/lib/gcc/avr/4.8.1/avr35/libgcc.a(_negsi2.o)
 .bss           0x00000000        0x0 /usr/lib/gcc/avr/4.8.1/avr35/libgcc.a(_negsi2.o)
 .text.libgcc.mul
                0x00000000        0x0 /usr/lib/gcc/avr/4.8.1/avr35/libgcc.a(_negsi2.o)
 .text.libgcc   0x00000000        0x0 /usr/lib/gcc/avr/4.8.1/avr35/libgcc.a(_negsi2.o)
 .text.libgcc.prologue
                0x00000000        0x0 /usr/lib/gcc/avr/4.8.1/avr35/libgcc.a(_negsi2.o)
 .text.libgcc.builtins
                0x00000000        0x0 /usr/lib/gcc/avr/4.8.1/avr35/libgcc.a(_negsi2.o)
 .text.libgcc.fmul
                0x00000000        0x0 /usr/lib/gcc/avr/4.8.1/avr35/libgcc.a(_negsi2.o)
 .text.libgcc.fixed
                0x00000000        0x0 /usr/lib/gcc/avr/4.8.1/avr35/libgcc.a(_negsi2.o)
 .text          0x00000000        0x0 /usr/lib/gcc/avr/4.8.1/avr35/libgcc.a(_exit.o)
 .bss           0x00000000        0x0 /usr/lib/gcc/avr/4.8.1/avr35/libgcc.a(_exit.o)
 .text.libgcc.mul
                0x00000000        0x0 /usr/lib/gcc/avr/4.8.1/avr35/libgcc.a(_exit.o)
 .text.libgcc.div
                0x00000000        0x0 /usr/lib/gcc/avr/4.8.1/avr35/libgcc.a(_exit.o)
 .text.libgcc   0x00000000        0x0 /usr/lib/gcc/avr/4.8.1/avr35/libgcc.a(_exit.o)
 .text.libgcc.prologue
                0x00000000        0x0 /usr/lib/gcc/avr/4.8.1/avr35/libgcc.a(_exit.o)
 .text.libgcc.builtins
                0x00000000        0x0 /usr/lib/gcc/avr/4.8.1/avr35/libgcc.a(_exit.o)
 .text.libgcc.fmul
                0x00000000        0x0 /usr/lib/gcc/avr/4.8.1/avr35/libgcc.a(_exit.o)
 .text.libgcc.fixed
                0x00000000        0x0 /usr/lib/gcc/avr/4.8.1/avr35/libgcc.a(_exit.o)
 .text          0x00000000        0x0 /usr/lib/gcc/avr/4.8.1/avr35/libgcc.a(_tablejump.o)
 .bss           0x00000000        0x0 /usr/lib/gcc/avr/4.8.1/avr35/libgcc.a(_tablejump.o)
 .text.libgcc.mul
                0x00000000        0x0 /usr/lib/gcc/avr/4.8.1/avr35/libgcc.a(_tablejump.o)
 .text.libgcc.div
                0x00000000        0x0 /usr/lib/gcc/avr/4.8.1/avr35/libgcc.a(_tablejump.o)
 .text.libgcc.prologue
                0x00000000        0x0 /usr/lib/gcc/avr/4.8.1/avr35/libgcc.a(_tablejump.o)
 .text.libgcc.builtins
                0x00000000        0x0 /usr/lib/gcc/avr/4.8.1/avr35/libgcc.a(_tablejump.o)
 .text.libgcc.fmul
                0x00000000        0x0 /usr/lib/gcc/avr/4.8.1/avr35/libgcc.a(_tablejump.o)
 .text.libgcc.fixed
                0x00000000        0x0 /usr/lib/gcc/avr/4.8.1/avr35/libgcc.a(_tablejump.o)
 .text          0x00000000        0x0 /usr/lib/gcc/avr/4.8.1/avr35/libgcc.a(_copy_data.o)
 .bss           0x00000000        0x0 /usr/lib/gcc/avr/4.8.1/avr35/libgcc.a(_copy_data.o)
 .text.libgcc.mul
                0x00000000        0x0 /usr/lib/gcc/avr/4.8.1/avr35/libgcc.a(_copy_data.o)
 .text.libgcc.div
                0x00000000        0x0 /usr/lib/gcc/avr/4.8.1/avr35/libgcc.a(_copy_data.o)
 .text.libgcc   0x00000000        0x0 /usr/lib/gcc/avr/4.8.1/avr35/libgcc.a(_copy_data.o)
 .text.libgcc.prologue
                0x00000000        0x0 /usr/lib/gcc/avr/4.8.1/avr35/libgcc.a(_copy_data.o)
 .text.libgcc.builtins
                0x00000000        0x0 /usr/lib/gcc/avr/4.8.1/avr35/libgcc.a(_copy_data.o)
 .text.libgcc.fmul
                0x00000000        0x0 /usr/lib/gcc/avr/4.8.1/avr35/libgcc.a(_copy_data.o)
 .text.libgcc.fixed
                0x00000000        0x0 /usr/lib/gcc/avr/4.8.1/avr35/libgcc.a(_copy_data.o)
 .text          0x00000000        0x0 /usr/lib/gcc/avr/4.8.1/avr35/libgcc.a(_clear_bss.o)
 .bss           0x00000000        0x0 /usr/lib/gcc/avr/4.8.1/avr35/libgcc.a(_clear_bss.o)
 .text.libgcc.mul
                0x00000000        0x0 /usr/lib/gcc/avr/4.8.1/avr35/libgcc.a(_clear_bss.o)
 .text.libgcc.div
                0x00000000        0x0 /usr/lib/gcc/avr/4.8.1/avr35/libgcc.a(_clear_bss.o)
 .text.libgcc   0x00000000        0x0 /usr/lib/gcc/avr/4.8.1/avr35/libgcc.a(_clear_bss.o)
 .text.libgcc.prologue
                0x00000000        0x0 /usr/lib/gcc/avr/4.8.1/avr35/libgcc.a(_clear_bss.o)
 .text.libgcc.builtins
                0x00000000        0x0 /usr/lib/gcc/avr/4.8.1/avr35/libgcc.a(_clear_bss.o)
 .text.libgcc.fmul
                0x00000000        0x0 /usr/lib/gcc/avr/4.8.1/avr35/libgcc.a(_clear_bss.o)
 .text.libgcc.fixed
                0x00000000        0x0 /usr/lib/gcc/avr/4.8.1/avr35/libgcc.a(_clear_bss.o)
 .text          0x00000000        0x0 /usr/lib/gcc/avr/4.8.1/../../../avr/lib/avr35/libc.a(memcpy_P.o)
 .bss           0x00000000        0x0 /usr/lib/gcc/avr/4.8.1/../../../avr/lib/avr35/libc.a(memcpy_P.o)
 .text.avr-libc
                0x00000000       0x12 /usr/lib/gcc/avr/4.8.1/../../../avr/lib/avr35/libc.a(memcpy_P.o)
 .text          0x00000000        0x0 /usr/lib/gcc/avr/4.8.1/../../../avr/lib/avr35/libc.a(memcmp.o)
 .bss           0x00000000        0x0 /usr/lib/gcc/avr/4.8.1/../../../avr/lib/avr35/libc.a(memcmp.o)
 .text.avr-libc
                0x00000000       0x1a /usr/lib/gcc/avr/4.8.1/../../../avr/lib/avr35/libc.a(memcmp.o)
 .text          0x00000000        0x0 /usr/lib/gcc/avr/4.8.1/../../../avr/lib/avr35/libc.a(memcpy.o)
 .bss           0x00000000        0x0 /usr/lib/gcc/avr/4.8.1/../../../avr/lib/avr35/libc.a(memcpy.o)
 .text.avr-libc
                0x00000000       0x12 /usr/lib/gcc/avr/4.8.1/../../../avr/lib/avr35/libc.a(memcpy.o)
 .text          0x00000000        0x0 /usr/lib/gcc/avr/4.8.1/../../../avr/lib/avr35/libc.a(memset.o)
 .bss           0x00000000        0x0 /usr/lib/gcc/avr/4.8.1/../../../avr/lib/avr35/libc.a(memset.o)
 .text.avr-libc
                0x00000000        0xe /usr/lib/gcc/avr/4.8.1/../../../avr/lib/avr35/libc.a(memset.o)
 .text          0x00000000        0x0 /usr/lib/gcc/avr/4.8.1/../../../avr/lib/avr35/libc.a(eerd_byte_atmega8u2.o)
 .bss           0x00000000        0x0 /usr/lib/gcc/avr/4.8.1/../../../avr/lib/avr35/libc.a(eerd_byte_atmega8u2.o)
 .text.avr-libc
                0x00000000       0x10 /usr/lib/gcc/avr/4.8.1/../../../avr/lib/avr35/libc.a(eerd_byte_atmega8u2.o)
 .text          0x00000000        0x0 /usr/lib/gcc/avr/4.8.1/../../../avr/lib/avr35/libc.a(eeupd_byte_atmega8u2.o)
 .bss           0x00000000        0x0 /usr/lib/gcc/avr/4.8.1/../../../avr/lib/avr35/libc.a(eeupd_byte_atmega8u2.o)
 .text.avr-libc
                0x00000000       0x24 /usr/lib/gcc/avr/4.8.1/../../../avr/lib/avr35/libc.a(eeupd_byte_atmega8u2.o)

Memory Configuration

Name             Origin             Length             Attributes
text             0x00000000         0x00010000         xr
data             0x00800060         0x0000ffa0         rw !x
eeprom           0x00810000         0x00010000         rw !x
fuse             0x00820000         0x00000400         rw !x
lock             0x00830000         0x00000400         rw !x
signature        0x00840000         0x00000400         rw !x
user_signatures  0x00850000         0x00000400         rw !x
*default*        0x00000000         0xffffffff

Linker script and memory map

Address of section .data set to 0x800100
LOAD /usr/lib/gcc/avr/4.8.1/../../../avr/lib/avr35/crtm16u2.o
LOAD Arduino-usbserial.o
LOAD Descriptors.o
LOAD ../../LUFA/Drivers/USB/LowLevel/Device.o
LOAD ../../LUFA/Drivers/USB/LowLevel/Endpoint.o
LOAD ../../LUFA/Drivers/USB/LowLevel/Host.o
LOAD ../../LUFA/Drivers/USB/LowLevel/Pipe.o
LOAD ../../LUFA/Drivers/USB/LowLevel/USBController.o
LOAD ../../LUFA/Drivers/USB/LowLevel/USBInterrupt.o
LOAD ../../LUFA/Drivers/USB/HighLevel/ConfigDescriptor.o
LOAD ../../LUFA/Drivers/USB/HighLevel/DeviceStandardReq.o
LOAD ../../LUFA/Drivers/USB/HighLevel/Events.o
LOAD ../../LUFA/Drivers/USB/HighLevel/HostStandardReq.o
LOAD ../../LUFA/Drivers/USB/HighLevel/USBTask.o
LOAD ../../LUFA/Drivers/USB/Class/Host/HIDParser.o
LOAD ../../LUFA/Drivers/USB/Class/Device/Audio.o
LOAD ../../LUFA/Drivers/USB/Class/Device/CDC.o
LOAD ../../LUFA/Drivers/USB/Class/Device/HID.o
LOAD ../../LUFA/Drivers/USB/Class/Device/MassStorage.o
LOAD ../../LUFA/Drivers/USB/Class/Device/MIDI.o
LOAD ../../LUFA/Drivers/USB/Class/Device/RNDIS.o
LOAD ../../LUFA/Drivers/USB/Class/Host/CDC.o
LOAD ../../LUFA/Drivers/USB/Class/Host/HID.o
LOAD ../../LUFA/Drivers/USB/Class/Host/MassStorage.o
LOAD ../../LUFA/Drivers/USB/Class/Host/MIDI.o
LOAD ../../LUFA/Drivers/USB/Class/Host/Printer.o
LOAD ../../LUFA/Drivers/USB/Class/Host/RNDIS.o
LOAD ../../LUFA/Drivers/USB/Class/Host/StillImage.o
LOAD /usr/lib/gcc/avr/4.8.1/../../../avr/lib/avr35/libm.a
START GROUP
LOAD /usr/lib/gcc/avr/4.8.1/avr35/libgcc.a
LOAD /usr/lib/gcc/avr/4.8.1/../../../avr/lib/avr35/libm.a
LOAD /usr/lib/gcc/avr/4.8.1/../../../avr/lib/avr35/libc.a
END GROUP

.hash
 *(.hash)

.dynsym
 *(.dynsym)

.dynstr
 *(.dynstr)

.gnu.version
 *(.gnu.version)

.gnu.version_d
 *(.gnu.version_d)

.gnu.version_r
 *(.gnu.version_r)

.rel.init
 *(.rel.init)

.rela.init
 *(.rela.init)

.rel.text
 *(.rel.text)
 *(.rel.text.*)
 *(.rel.gnu.linkonce.t*)

.rela.text
 *(.rela.text)
 *(.rela.text.*)
 *(.rela.gnu.linkonce.t*)

.rel.fini
 *(.rel.fini)

.rela.fini
 *(.rela.fini)

.rel.rodata
 *(.rel.rodata)
 *(.rel.rodata.*)
 *(.rel.gnu.linkonce.r*)

.rela.rodata
 *(.rela.rodata)
 *(.rela.rodata.*)
 *(.rela.gnu.linkonce.r*)

.rel.data
 *(.rel.data)
 *(.rel.data.*)
 *(.rel.gnu.linkonce.d*)

.rela.data
 *(.rela.data)
 *(.rela.data.*)
 *(.rela.gnu.linkonce.d*)

.rel.ctors
 *(.rel.ctors)

.rela.ctors
 *(.rela.ctors)

.rel.dtors
 *(.rel.dtors)

.rela.dtors
 *(.rela.dtors)

.rel.got
 *(.rel.got)

.rela.got
 *(.rela.got)

.rel.bss
 *(.rel.bss)

.rela.bss
 *(.rela.bss)

.rel.plt
 *(.rel.plt)

.rela.plt
 *(.rela.plt)

.text           0x00000000     0x102e
 *(.vectors)
 .vectors       0x00000000       0x74 /usr/lib/gcc/avr/4.8.1/../../../avr/lib/avr35/crtm16u2.o
                0x00000000                __vectors
                0x00000000                __vector_default
 *(.vectors)
 *(.progmem.gcc*)
 .progmem.gcc_sw_table.USB_Device_ProcessControlRequest
                0x00000074       0x14 ../../LUFA/Drivers/USB/HighLevel/DeviceStandardReq.o
                0x00000088                . = ALIGN (0x2)
                0x00000088                __trampolines_start = .
 *(.trampolines)
 .trampolines   0x00000088        0x0 linker stubs
 *(.trampolines*)
                0x00000088                __trampolines_end = .
 *(.progmem*)
 .progmem.data  0x00000088       0xb8 Descriptors.o
                0x00000088                ProductString
                0x000000b8                ManufacturerString
                0x000000ec                LanguageString
                0x000000f0                ConfigurationDescriptor
                0x0000012e                DeviceDescriptor
                0x00000140                . = ALIGN (0x2)
 *(.jumptables)
 *(.jumptables*)
 *(.lowtext)
 *(.lowtext*)
                0x00000140                __ctors_start = .
 *(.ctors)
                0x00000140                __ctors_end = .
                0x00000140                __dtors_start = .
 *(.dtors)
                0x00000140                __dtors_end = .
 SORT(*)(.ctors)
 SORT(*)(.dtors)
 *(.init0)
 .init0         0x00000140        0x0 /usr/lib/gcc/avr/4.8.1/../../../avr/lib/avr35/crtm16u2.o
                0x00000140                __init
 *(.init0)
 *(.init1)
 *(.init1)
 *(.init2)
 .init2         0x00000140        0xc /usr/lib/gcc/avr/4.8.1/../../../avr/lib/avr35/crtm16u2.o
 *(.init2)
 *(.init3)
 *(.init3)
 *(.init4)
 .init4         0x0000014c       0x16 /usr/lib/gcc/avr/4.8.1/avr35/libgcc.a(_copy_data.o)
                0x0000014c                __do_copy_data
 .init4         0x00000162       0x10 /usr/lib/gcc/avr/4.8.1/avr35/libgcc.a(_clear_bss.o)
                0x00000162                __do_clear_bss
 *(.init4)
 *(.init5)
 *(.init5)
 *(.init6)
 *(.init6)
 *(.init7)
 *(.init7)
 *(.init8)
 *(.init8)
 *(.init9)
 .init9         0x00000172        0x4 /usr/lib/gcc/avr/4.8.1/../../../avr/lib/avr35/crtm16u2.o
 *(.init9)
 *(.text)
 .text          0x00000176        0x2 /usr/lib/gcc/avr/4.8.1/../../../avr/lib/avr35/crtm16u2.o
                0x00000176                __vector_22
                0x00000176                __vector_28
                0x00000176                __vector_1
                0x00000176                __vector_24
                0x00000176                __bad_interrupt
                0x00000176                __vector_6
                0x00000176                __vector_3
                0x00000176                __vector_25
                0x00000176                __vector_13
                0x00000176                __vector_17
                0x00000176                __vector_19
                0x00000176                __vector_7
                0x00000176                __vector_27
                0x00000176                __vector_5
                0x00000176                __vector_4
                0x00000176                __vector_9
                0x00000176                __vector_2
                0x00000176                __vector_21
                0x00000176                __vector_15
                0x00000176                __vector_8
                0x00000176                __vector_26
                0x00000176                __vector_14
                0x00000176                __vector_10
                0x00000176                __vector_16
                0x00000176                __vector_18
                0x00000176                __vector_20
                0x00000178                . = ALIGN (0x2)
 *(.text.*)
 .text.RingBuffer_Insert
                0x00000178       0x3c Arduino-usbserial.o
 .text.RingBuffer_Remove
                0x000001b4       0x3a Arduino-usbserial.o
 .text.setResetPin
                0x000001ee        0xe Arduino-usbserial.o
                0x000001ee                setResetPin
 .text.setErasePin
                0x000001fc        0xc Arduino-usbserial.o
                0x000001fc                setErasePin
 .text.SetupHardware
                0x00000208       0x52 Arduino-usbserial.o
                0x00000208                SetupHardware
 .text.startup.main
                0x0000025a      0x142 Arduino-usbserial.o
                0x0000025a                main
 .text.EVENT_USB_Device_ConfigurationChanged
                0x0000039c        0x6 Arduino-usbserial.o
                0x0000039c                EVENT_USB_Device_ConfigurationChanged
 .text.EVENT_USB_Device_UnhandledControlRequest
                0x000003a2        0x6 Arduino-usbserial.o
                0x000003a2                EVENT_USB_Device_UnhandledControlRequest
 .text.EVENT_CDC_Device_LineEncodingChanged
                0x000003a8       0xb2 Arduino-usbserial.o
                0x000003a8                EVENT_CDC_Device_LineEncodingChanged
 .text.__vector_23
                0x0000045a       0x54 Arduino-usbserial.o
                0x0000045a                __vector_23
 .text.EVENT_CDC_Device_ControLineStateChanged
                0x000004ae       0x48 Arduino-usbserial.o
                0x000004ae                EVENT_CDC_Device_ControLineStateChanged
 .text.CALLBACK_USB_GetDescriptor
                0x000004f6       0x64 Descriptors.o
                0x000004f6                CALLBACK_USB_GetDescriptor
 .text.Endpoint_BytesToEPSizeMaskDynamic
                0x0000055a       0x1c ../../LUFA/Drivers/USB/LowLevel/Endpoint.o
                0x0000055a                Endpoint_BytesToEPSizeMaskDynamic
 .text.Endpoint_ConfigureEndpoint_Prv
                0x00000576       0x26 ../../LUFA/Drivers/USB/LowLevel/Endpoint.o
                0x00000576                Endpoint_ConfigureEndpoint_Prv
 .text.Endpoint_ClearEndpoints
                0x0000059c       0x28 ../../LUFA/Drivers/USB/LowLevel/Endpoint.o
                0x0000059c                Endpoint_ClearEndpoints
 .text.Endpoint_ClearStatusStage
                0x000005c4       0x3e ../../LUFA/Drivers/USB/LowLevel/Endpoint.o
                0x000005c4                Endpoint_ClearStatusStage
 .text.Endpoint_WaitUntilReady
                0x00000602       0x5a ../../LUFA/Drivers/USB/LowLevel/Endpoint.o
                0x00000602                Endpoint_WaitUntilReady
 .text.Endpoint_Write_Control_Stream_LE
                0x0000065c       0xae ../../LUFA/Drivers/USB/LowLevel/Endpoint.o
                0x0000065c                Endpoint_Write_Control_Stream_LE
 .text.Endpoint_Write_Control_PStream_LE
                0x0000070a       0xb0 ../../LUFA/Drivers/USB/LowLevel/Endpoint.o
                0x0000070a                Endpoint_Write_Control_PStream_LE
 .text.Endpoint_Read_Control_Stream_LE
                0x000007ba       0x82 ../../LUFA/Drivers/USB/LowLevel/Endpoint.o
                0x000007ba                Endpoint_Read_Control_Stream_LE
 .text.USB_ResetInterface
                0x0000083c       0x7c ../../LUFA/Drivers/USB/LowLevel/USBController.o
                0x0000083c                USB_ResetInterface
 .text.USB_Init
                0x000008b8        0xa ../../LUFA/Drivers/USB/LowLevel/USBController.o
                0x000008b8                USB_Init
 .text.USB_INT_DisableAllInterrupts
                0x000008c2        0x6 ../../LUFA/Drivers/USB/LowLevel/USBInterrupt.o
                0x000008c2                USB_INT_DisableAllInterrupts
 .text.USB_INT_ClearAllInterrupts
                0x000008c8        0x6 ../../LUFA/Drivers/USB/LowLevel/USBInterrupt.o
                0x000008c8                USB_INT_ClearAllInterrupts
 .text.__vector_11
                0x000008ce      0x14e ../../LUFA/Drivers/USB/LowLevel/USBInterrupt.o
                0x000008ce                __vector_11
 .text.__vector_12
                0x00000a1c       0x74 ../../LUFA/Drivers/USB/LowLevel/USBInterrupt.o
                0x00000a1c                __vector_12
 .text.USB_Device_ProcessControlRequest
                0x00000a90      0x274 ../../LUFA/Drivers/USB/HighLevel/DeviceStandardReq.o
                0x00000a90                USB_Device_ProcessControlRequest
 .text.USB_Event_Stub
                0x00000d04        0x2 ../../LUFA/Drivers/USB/HighLevel/Events.o
                0x00000d04                EVENT_USB_Device_Connect
                0x00000d04                EVENT_USB_Device_WakeUp
                0x00000d04                USB_Event_Stub
                0x00000d04                EVENT_USB_Device_Suspend
                0x00000d04                EVENT_USB_Device_StartOfFrame
                0x00000d04                EVENT_USB_Device_Disconnect
                0x00000d04                EVENT_USB_Device_Reset
 .text.USB_USBTask
                0x00000d06       0x22 ../../LUFA/Drivers/USB/HighLevel/USBTask.o
                0x00000d06                USB_USBTask
 .text.CDC_Device_Event_Stub
                0x00000d28        0x2 ../../LUFA/Drivers/USB/Class/Device/CDC.o
                0x00000d28                EVENT_CDC_Device_BreakSent
                0x00000d28                CDC_Device_Event_Stub
 .text.CDC_Device_ProcessControlRequest
                0x00000d2a       0xd2 ../../LUFA/Drivers/USB/Class/Device/CDC.o
                0x00000d2a                CDC_Device_ProcessControlRequest
 .text.CDC_Device_ConfigureEndpoints
                0x00000dfc       0x9a ../../LUFA/Drivers/USB/Class/Device/CDC.o
                0x00000dfc                CDC_Device_ConfigureEndpoints
 .text.CDC_Device_SendByte
                0x00000e96       0x4a ../../LUFA/Drivers/USB/Class/Device/CDC.o
                0x00000e96                CDC_Device_SendByte
 .text.CDC_Device_Flush
                0x00000ee0       0x50 ../../LUFA/Drivers/USB/Class/Device/CDC.o
                0x00000ee0                CDC_Device_Flush
 .text.CDC_Device_USBTask
                0x00000f30       0x1c ../../LUFA/Drivers/USB/Class/Device/CDC.o
                0x00000f30                CDC_Device_USBTask
 .text.CDC_Device_ReceiveByte
                0x00000f4c       0x56 ../../LUFA/Drivers/USB/Class/Device/CDC.o
                0x00000f4c                CDC_Device_ReceiveByte
 .text.libgcc.div
                0x00000fa2       0x44 /usr/lib/gcc/avr/4.8.1/avr35/libgcc.a(_udivmodsi4.o)
                0x00000fa2                __udivmodsi4
 .text.libgcc.div
                0x00000fe6       0x28 /usr/lib/gcc/avr/4.8.1/avr35/libgcc.a(_divmodsi4.o)
                0x00000fe6                __divmodsi4
 .text.libgcc.div
                0x0000100e       0x10 /usr/lib/gcc/avr/4.8.1/avr35/libgcc.a(_negsi2.o)
                0x0000100e                __negsi2
 .text.libgcc   0x0000101e        0xc /usr/lib/gcc/avr/4.8.1/avr35/libgcc.a(_tablejump.o)
                0x0000101e                __tablejump2__
                0x00001022                __tablejump__
                0x0000102a                . = ALIGN (0x2)
 *(.fini9)
 .fini9         0x0000102a        0x0 /usr/lib/gcc/avr/4.8.1/avr35/libgcc.a(_exit.o)
                0x0000102a                exit
                0x0000102a                _exit
 *(.fini9)
 *(.fini8)
 *(.fini8)
 *(.fini7)
 *(.fini7)
 *(.fini6)
 *(.fini6)
 *(.fini5)
 *(.fini5)
 *(.fini4)
 *(.fini4)
 *(.fini3)
 *(.fini3)
 *(.fini2)
 *(.fini2)
 *(.fini1)
 *(.fini1)
 *(.fini0)
 .fini0         0x0000102a        0x4 /usr/lib/gcc/avr/4.8.1/avr35/libgcc.a(_exit.o)
 *(.fini0)
                0x0000102e                _etext = .

.data           0x00800100       0x18 load address 0x0000102e
                0x00800100                PROVIDE (__data_start, .)
 *(.data)
 .data          0x00800100        0x0 /usr/lib/gcc/avr/4.8.1/../../../avr/lib/avr35/crtm16u2.o
 .data          0x00800100       0x18 Arduino-usbserial.o
                0x00800100                tries
                0x00800102                VirtualSerial_CDC_Interface
 .data          0x00800118        0x0 Descriptors.o
 .data          0x00800118        0x0 ../../LUFA/Drivers/USB/LowLevel/Device.o
 .data          0x00800118        0x0 ../../LUFA/Drivers/USB/LowLevel/Endpoint.o
 .data          0x00800118        0x0 ../../LUFA/Drivers/USB/LowLevel/Host.o
 .data          0x00800118        0x0 ../../LUFA/Drivers/USB/LowLevel/Pipe.o
 .data          0x00800118        0x0 ../../LUFA/Drivers/USB/LowLevel/USBController.o
 .data          0x00800118        0x0 ../../LUFA/Drivers/USB/LowLevel/USBInterrupt.o
 .data          0x00800118        0x0 ../../LUFA/Drivers/USB/HighLevel/ConfigDescriptor.o
 .data          0x00800118        0x0 ../../LUFA/Drivers/USB/HighLevel/DeviceStandardReq.o
 .data          0x00800118        0x0 ../../LUFA/Drivers/USB/HighLevel/Events.o
 .data          0x00800118        0x0 ../../LUFA/Drivers/USB/HighLevel/HostStandardReq.o
 .data          0x00800118        0x0 ../../LUFA/Drivers/USB/HighLevel/USBTask.o
 .data          0x00800118        0x0 ../../LUFA/Drivers/USB/Class/Host/HIDParser.o
 .data          0x00800118        0x0 ../../LUFA/Drivers/USB/Class/Device/Audio.o
 .data          0x00800118        0x0 ../../LUFA/Drivers/USB/Class/Device/CDC.o
 .data          0x00800118        0x0 ../../LUFA/Drivers/USB/Class/Device/HID.o
 .data          0x00800118        0x0 ../../LUFA/Drivers/USB/Class/Device/MassStorage.o
 .data          0x00800118        0x0 ../../LUFA/Drivers/USB/Class/Device/MIDI.o
 .data          0x00800118        0x0 ../../LUFA/Drivers/USB/Class/Device/RNDIS.o
 .data          0x00800118        0x0 ../../LUFA/Drivers/USB/Class/Host/CDC.o
 .data          0x00800118        0x0 ../../LUFA/Drivers/USB/Class/Host/HID.o
 .data          0x00800118        0x0 ../../LUFA/Drivers/USB/Class/Host/MassStorage.o
 .data          0x00800118        0x0 ../../LUFA/Drivers/USB/Class/Host/MIDI.o
 .data          0x00800118        0x0 ../../LUFA/Drivers/USB/Class/Host/Printer.o
 .data          0x00800118        0x0 ../../LUFA/Drivers/USB/Class/Host/RNDIS.o
 .data          0x00800118        0x0 ../../LUFA/Drivers/USB/Class/Host/StillImage.o
 .data          0x00800118        0x0 /usr/lib/gcc/avr/4.8.1/avr35/libgcc.a(_udivmodsi4.o)
 .data          0x00800118        0x0 /usr/lib/gcc/avr/4.8.1/avr35/libgcc.a(_divmodsi4.o)
 .data          0x00800118        0x0 /usr/lib/gcc/avr/4.8.1/avr35/libgcc.a(_negsi2.o)
 .data          0x00800118        0x0 /usr/lib/gcc/avr/4.8.1/avr35/libgcc.a(_exit.o)
 .data          0x00800118        0x0 /usr/lib/gcc/avr/4.8.1/avr35/libgcc.a(_tablejump.o)
 .data          0x00800118        0x0 /usr/lib/gcc/avr/4.8.1/avr35/libgcc.a(_copy_data.o)
 .data          0x00800118        0x0 /usr/lib/gcc/avr/4.8.1/avr35/libgcc.a(_clear_bss.o)
 .data          0x00800118        0x0 /usr/lib/gcc/avr/4.8.1/../../../avr/lib/avr35/libc.a(memcpy_P.o)
 .data          0x00800118        0x0 /usr/lib/gcc/avr/4.8.1/../../../avr/lib/avr35/libc.a(memcmp.o)
 .data          0x00800118        0x0 /usr/lib/gcc/avr/4.8.1/../../../avr/lib/avr35/libc.a(memcpy.o)
 .data          0x00800118        0x0 /usr/lib/gcc/avr/4.8.1/../../../avr/lib/avr35/libc.a(memset.o)
 .data          0x00800118        0x0 /usr/lib/gcc/avr/4.8.1/../../../avr/lib/avr35/libc.a(eerd_byte_atmega8u2.o)
 .data          0x00800118        0x0 /usr/lib/gcc/avr/4.8.1/../../../avr/lib/avr35/libc.a(eeupd_byte_atmega8u2.o)
 *(.data*)
 *(.rodata)
 *(.rodata*)
 *(.gnu.linkonce.d*)
                0x00800118                . = ALIGN (0x2)
                0x00800118                _edata = .
                0x00800118                PROVIDE (__data_end, .)

.bss            0x00800118      0x120
                0x00800118                PROVIDE (__bss_start, .)
 *(.bss)
 .bss           0x00800118        0x7 Arduino-usbserial.o
                0x00800118                Selected1200BPS
                0x00800119                PreviousRTSState
                0x0080011a                CurrentRTSState
                0x0080011b                PreviousDTRState
                0x0080011c                CurrentDTRState
                0x0080011d                ResetTimer
 *(.bss*)
 *(COMMON)
 COMMON         0x0080011f      0x10d Arduino-usbserial.o
                0x0080011f                PulseMSRemaining
                0x00800122                USARTtoUSB_Buffer
                0x008001a7                USBtoUSART_Buffer
 COMMON         0x0080022c        0x3 ../../LUFA/Drivers/USB/HighLevel/DeviceStandardReq.o
                0x0080022c                USB_CurrentlySelfPowered
                0x0080022d                USB_RemoteWakeupEnabled
                0x0080022e                USB_ConfigurationNumber
 COMMON         0x0080022f        0x9 ../../LUFA/Drivers/USB/HighLevel/USBTask.o
                0x0080022f                USB_IsInitialized
                0x00800230                USB_ControlRequest
                0x00800238                PROVIDE (__bss_end, .)
                0x0000102e                __data_load_start = LOADADDR (.data)
                0x00001046                __data_load_end = (__data_load_start + SIZEOF (.data))

.noinit         0x00800238        0x0
                0x00800238                PROVIDE (__noinit_start, .)
 *(.noinit*)
                0x00800238                PROVIDE (__noinit_end, .)
                0x00800238                _end = .
                0x00800238                PROVIDE (__heap_start, .)

.eeprom         0x00810000        0x0
 *(.eeprom*)
                0x00810000                __eeprom_end = .

.fuse
 *(.fuse)
 *(.lfuse)
 *(.hfuse)
 *(.efuse)

.lock
 *(.lock*)

.signature
 *(.signature*)

.user_signatures
 *(.user_signatures*)

.stab
 *(.stab)

.stabstr
 *(.stabstr)

.stab.excl
 *(.stab.excl)

.stab.exclstr
 *(.stab.exclstr)

.stab.index
 *(.stab.index)

.stab.indexstr
 *(.stab.indexstr)

.comment        0x00000000       0x11
 *(.comment)
 .comment       0x00000000       0x11 Arduino-usbserial.o
                                 0x12 (size before relaxing)
 .comment       0x00000000       0x12 Descriptors.o
 .comment       0x00000000       0x12 ../../LUFA/Drivers/USB/LowLevel/Device.o
 .comment       0x00000000       0x12 ../../LUFA/Drivers/USB/LowLevel/Endpoint.o
 .comment       0x00000000       0x12 ../../LUFA/Drivers/USB/LowLevel/Host.o
 .comment       0x00000000       0x12 ../../LUFA/Drivers/USB/LowLevel/Pipe.o
 .comment       0x00000000       0x12 ../../LUFA/Drivers/USB/LowLevel/USBController.o
 .comment       0x00000000       0x12 ../../LUFA/Drivers/USB/LowLevel/USBInterrupt.o
 .comment       0x00000000       0x12 ../../LUFA/Drivers/USB/HighLevel/ConfigDescriptor.o
 .comment       0x00000000       0x12 ../../LUFA/Drivers/USB/HighLevel/DeviceStandardReq.o
 .comment       0x00000000       0x12 ../../LUFA/Drivers/USB/HighLevel/Events.o
 .comment       0x00000000       0x12 ../../LUFA/Drivers/USB/HighLevel/HostStandardReq.o
 .comment       0x00000000       0x12 ../../LUFA/Drivers/USB/HighLevel/USBTask.o
 .comment       0x00000000       0x12 ../../LUFA/Drivers/USB/Class/Host/HIDParser.o
 .comment       0x00000000       0x12 ../../LUFA/Drivers/USB/Class/Device/Audio.o
 .comment       0x00000000       0x12 ../../LUFA/Drivers/USB/Class/Device/CDC.o
 .comment       0x00000000       0x12 ../../LUFA/Drivers/USB/Class/Device/HID.o
 .comment       0x00000000       0x12 ../../LUFA/Drivers/USB/Class/Device/MassStorage.o
 .comment       0x00000000       0x12 ../../LUFA/Drivers/USB/Class/Device/MIDI.o
 .comment       0x00000000       0x12 ../../LUFA/Drivers/USB/Class/Device/RNDIS.o
 .comment       0x00000000       0x12 ../../LUFA/Drivers/USB/Class/Host/CDC.o
 .comment       0x00000000       0x12 ../../LUFA/Drivers/USB/Class/Host/HID.o
 .comment       0x00000000       0x12 ../../LUFA/Drivers/USB/Class/Host/MassStorage.o
 .comment       0x00000000       0x12 ../../LUFA/Drivers/USB/Class/Host/MIDI.o
 .comment       0x00000000       0x12 ../../LUFA/Drivers/USB/Class/Host/Printer.o
 .comment       0x00000000       0x12 ../../LUFA/Drivers/USB/Class/Host/RNDIS.o
 .comment       0x00000000       0x12 ../../LUFA/Drivers/USB/Class/Host/StillImage.o

.note.gnu.build-id
 *(.note.gnu.build-id)

.debug
 *(.debug)

.line
 *(.line)

.debug_srcinfo
 *(.debug_srcinfo)

.debug_sfnames
 *(.debug_sfnames)

.debug_aranges  0x00000000      0x420
 *(.debug_aranges)
 .debug_aranges
                0x00000000       0x70 Arduino-usbserial.o
 .debug_aranges
                0x00000070       0x20 Descriptors.o
 .debug_aranges
                0x00000090       0x20 ../../LUFA/Drivers/USB/LowLevel/Device.o
 .debug_aranges
                0x000000b0       0xe8 ../../LUFA/Drivers/USB/LowLevel/Endpoint.o
 .debug_aranges
                0x00000198       0x30 ../../LUFA/Drivers/USB/LowLevel/USBController.o
 .debug_aranges
                0x000001c8       0x38 ../../LUFA/Drivers/USB/LowLevel/USBInterrupt.o
 .debug_aranges
                0x00000200       0x38 ../../LUFA/Drivers/USB/HighLevel/ConfigDescriptor.o
 .debug_aranges
                0x00000238       0x20 ../../LUFA/Drivers/USB/HighLevel/DeviceStandardReq.o
 .debug_aranges
                0x00000258       0x20 ../../LUFA/Drivers/USB/HighLevel/Events.o
 .debug_aranges
                0x00000278       0x20 ../../LUFA/Drivers/USB/HighLevel/USBTask.o
 .debug_aranges
                0x00000298       0x28 ../../LUFA/Drivers/USB/Class/Device/Audio.o
 .debug_aranges
                0x000002c0       0x90 ../../LUFA/Drivers/USB/Class/Device/CDC.o
 .debug_aranges
                0x00000350       0x30 ../../LUFA/Drivers/USB/Class/Device/HID.o
 .debug_aranges
                0x00000380       0x38 ../../LUFA/Drivers/USB/Class/Device/MassStorage.o
 .debug_aranges
                0x000003b8       0x38 ../../LUFA/Drivers/USB/Class/Device/MIDI.o
 .debug_aranges
                0x000003f0       0x30 ../../LUFA/Drivers/USB/Class/Device/RNDIS.o

.debug_pubnames
 *(.debug_pubnames)

.debug_info     0x00000000     0x81a0
 *(.debug_info .gnu.linkonce.wi.*)
 .debug_info    0x00000000      0xce6 Arduino-usbserial.o
 .debug_info    0x00000ce6      0x65b Descriptors.o
 .debug_info    0x00001341       0xd2 ../../LUFA/Drivers/USB/LowLevel/Device.o
 .debug_info    0x00001413     0x16d2 ../../LUFA/Drivers/USB/LowLevel/Endpoint.o
 .debug_info    0x00002ae5      0x29b ../../LUFA/Drivers/USB/LowLevel/USBController.o
 .debug_info    0x00002d80      0x42e ../../LUFA/Drivers/USB/LowLevel/USBInterrupt.o
 .debug_info    0x000031ae      0x3df ../../LUFA/Drivers/USB/HighLevel/ConfigDescriptor.o
 .debug_info    0x0000358d      0x9be ../../LUFA/Drivers/USB/HighLevel/DeviceStandardReq.o
 .debug_info    0x00003f4b       0x78 ../../LUFA/Drivers/USB/HighLevel/Events.o
 .debug_info    0x00003fc3      0x236 ../../LUFA/Drivers/USB/HighLevel/USBTask.o
 .debug_info    0x000041f9      0x453 ../../LUFA/Drivers/USB/Class/Device/Audio.o
 .debug_info    0x0000464c      0xe36 ../../LUFA/Drivers/USB/Class/Device/CDC.o
 .debug_info    0x00005482      0xa30 ../../LUFA/Drivers/USB/Class/Device/HID.o
 .debug_info    0x00005eb2      0xa23 ../../LUFA/Drivers/USB/Class/Device/MassStorage.o
 .debug_info    0x000068d5      0x6eb ../../LUFA/Drivers/USB/Class/Device/MIDI.o
 .debug_info    0x00006fc0     0x11e0 ../../LUFA/Drivers/USB/Class/Device/RNDIS.o

.debug_abbrev   0x00000000     0x20c8
 *(.debug_abbrev)
 .debug_abbrev  0x00000000      0x37f Arduino-usbserial.o
 .debug_abbrev  0x0000037f      0x150 Descriptors.o
 .debug_abbrev  0x000004cf       0x80 ../../LUFA/Drivers/USB/LowLevel/Device.o
 .debug_abbrev  0x0000054f      0x251 ../../LUFA/Drivers/USB/LowLevel/Endpoint.o
 .debug_abbrev  0x000007a0      0x125 ../../LUFA/Drivers/USB/LowLevel/USBController.o
 .debug_abbrev  0x000008c5      0x211 ../../LUFA/Drivers/USB/LowLevel/USBInterrupt.o
 .debug_abbrev  0x00000ad6      0x192 ../../LUFA/Drivers/USB/HighLevel/ConfigDescriptor.o
 .debug_abbrev  0x00000c68      0x2ce ../../LUFA/Drivers/USB/HighLevel/DeviceStandardReq.o
 .debug_abbrev  0x00000f36       0x44 ../../LUFA/Drivers/USB/HighLevel/Events.o
 .debug_abbrev  0x00000f7a      0x15c ../../LUFA/Drivers/USB/HighLevel/USBTask.o
 .debug_abbrev  0x000010d6      0x1d6 ../../LUFA/Drivers/USB/Class/Device/Audio.o
 .debug_abbrev  0x000012ac      0x383 ../../LUFA/Drivers/USB/Class/Device/CDC.o
 .debug_abbrev  0x0000162f      0x285 ../../LUFA/Drivers/USB/Class/Device/HID.o
 .debug_abbrev  0x000018b4      0x2bb ../../LUFA/Drivers/USB/Class/Device/MassStorage.o
 .debug_abbrev  0x00001b6f      0x234 ../../LUFA/Drivers/USB/Class/Device/MIDI.o
 .debug_abbrev  0x00001da3      0x325 ../../LUFA/Drivers/USB/Class/Device/RNDIS.o

.debug_line     0x00000000     0x2eb6
 *(.debug_line .debug_line.* .debug_line_end)
 .debug_line    0x00000000      0x3df Arduino-usbserial.o
 .debug_line    0x000003df       0xfb Descriptors.o
 .debug_line    0x000004da       0xac ../../LUFA/Drivers/USB/LowLevel/Device.o
 .debug_line    0x00000586      0xbd5 ../../LUFA/Drivers/USB/LowLevel/Endpoint.o
 .debug_line    0x0000115b        0x0 ../../LUFA/Drivers/USB/LowLevel/Host.o
 .debug_line    0x0000115b        0x0 ../../LUFA/Drivers/USB/LowLevel/Pipe.o
 .debug_line    0x0000115b      0x1ae ../../LUFA/Drivers/USB/LowLevel/USBController.o
 .debug_line    0x00001309      0x23d ../../LUFA/Drivers/USB/LowLevel/USBInterrupt.o
 .debug_line    0x00001546      0x15f ../../LUFA/Drivers/USB/HighLevel/ConfigDescriptor.o
 .debug_line    0x000016a5      0x2c4 ../../LUFA/Drivers/USB/HighLevel/DeviceStandardReq.o
 .debug_line    0x00001969       0x56 ../../LUFA/Drivers/USB/HighLevel/Events.o
 .debug_line    0x000019bf        0x0 ../../LUFA/Drivers/USB/HighLevel/HostStandardReq.o
 .debug_line    0x000019bf      0x147 ../../LUFA/Drivers/USB/HighLevel/USBTask.o
 .debug_line    0x00001b06        0x0 ../../LUFA/Drivers/USB/Class/Host/HIDParser.o
 .debug_line    0x00001b06      0x1cd ../../LUFA/Drivers/USB/Class/Device/Audio.o
 .debug_line    0x00001cd3      0x494 ../../LUFA/Drivers/USB/Class/Device/CDC.o
 .debug_line    0x00002167      0x34c ../../LUFA/Drivers/USB/Class/Device/HID.o
 .debug_line    0x000024b3      0x377 ../../LUFA/Drivers/USB/Class/Device/MassStorage.o
 .debug_line    0x0000282a      0x275 ../../LUFA/Drivers/USB/Class/Device/MIDI.o
 .debug_line    0x00002a9f      0x417 ../../LUFA/Drivers/USB/Class/Device/RNDIS.o
 .debug_line    0x00002eb6        0x0 ../../LUFA/Drivers/USB/Class/Host/CDC.o
 .debug_line    0x00002eb6        0x0 ../../LUFA/Drivers/USB/Class/Host/HID.o
 .debug_line    0x00002eb6        0x0 ../../LUFA/Drivers/USB/Class/Host/MassStorage.o
 .debug_line    0x00002eb6        0x0 ../../LUFA/Drivers/USB/Class/Host/MIDI.o
 .debug_line    0x00002eb6        0x0 ../../LUFA/Drivers/USB/Class/Host/Printer.o
 .debug_line    0x00002eb6        0x0 ../../LUFA/Drivers/USB/Class/Host/RNDIS.o
 .debug_line    0x00002eb6        0x0 ../../LUFA/Drivers/USB/Class/Host/StillImage.o

.debug_frame    0x00000000      0xc84
 *(.debug_frame)
 .debug_frame   0x00000000      0x138 Arduino-usbserial.o
 .debug_frame   0x00000138       0x24 Descriptors.o
 .debug_frame   0x0000015c       0x24 ../../LUFA/Drivers/USB/LowLevel/Device.o
 .debug_frame   0x00000180      0x410 ../../LUFA/Drivers/USB/LowLevel/Endpoint.o
 .debug_frame   0x00000590       0x44 ../../LUFA/Drivers/USB/LowLevel/USBController.o
 .debug_frame   0x000005d4      0x104 ../../LUFA/Drivers/USB/LowLevel/USBInterrupt.o
 .debug_frame   0x000006d8       0xc8 ../../LUFA/Drivers/USB/HighLevel/ConfigDescriptor.o
 .debug_frame   0x000007a0       0x3c ../../LUFA/Drivers/USB/HighLevel/DeviceStandardReq.o
 .debug_frame   0x000007dc       0x24 ../../LUFA/Drivers/USB/HighLevel/Events.o
 .debug_frame   0x00000800       0x2c ../../LUFA/Drivers/USB/HighLevel/USBTask.o
 .debug_frame   0x0000082c       0x48 ../../LUFA/Drivers/USB/Class/Device/Audio.o
 .debug_frame   0x00000874      0x168 ../../LUFA/Drivers/USB/Class/Device/CDC.o
 .debug_frame   0x000009dc      0x100 ../../LUFA/Drivers/USB/Class/Device/HID.o
 .debug_frame   0x00000adc       0x84 ../../LUFA/Drivers/USB/Class/Device/MassStorage.o
 .debug_frame   0x00000b60       0x6c ../../LUFA/Drivers/USB/Class/Device/MIDI.o
 .debug_frame   0x00000bcc       0xb8 ../../LUFA/Drivers/USB/Class/Device/RNDIS.o

.debug_str      0x00000000     0x2c51
 *(.debug_str)
 .debug_str     0x00000000      0x7dd Arduino-usbserial.o
                                0x836 (size before relaxing)
 .debug_str     0x000007dd      0x471 Descriptors.o
                                0x661 (size before relaxing)
 .debug_str     0x00000c4e      0x12c ../../LUFA/Drivers/USB/LowLevel/Device.o
                                0x1e2 (size before relaxing)
 .debug_str     0x00000d7a      0x81f ../../LUFA/Drivers/USB/LowLevel/Endpoint.o
                                0xa99 (size before relaxing)
 .debug_str     0x00001599        0x0 ../../LUFA/Drivers/USB/LowLevel/Host.o
 .debug_str     0x00001599        0x0 ../../LUFA/Drivers/USB/LowLevel/Pipe.o
 .debug_str     0x00001599      0x14d ../../LUFA/Drivers/USB/LowLevel/USBController.o
                                0x38f (size before relaxing)
 .debug_str     0x000016e6      0x152 ../../LUFA/Drivers/USB/LowLevel/USBInterrupt.o
                                0x4ae (size before relaxing)
 .debug_str     0x00001838      0x221 ../../LUFA/Drivers/USB/HighLevel/ConfigDescriptor.o
                                0x3ca (size before relaxing)
 .debug_str     0x00001a59      0x337 ../../LUFA/Drivers/USB/HighLevel/DeviceStandardReq.o
                                0x8d8 (size before relaxing)
 .debug_str     0x00001d90       0x39 ../../LUFA/Drivers/USB/HighLevel/Events.o
                                0x193 (size before relaxing)
 .debug_str     0x00001dc9        0x0 ../../LUFA/Drivers/USB/HighLevel/HostStandardReq.o
 .debug_str     0x00001dc9       0x47 ../../LUFA/Drivers/USB/HighLevel/USBTask.o
                                0x34d (size before relaxing)
 .debug_str     0x00001e10        0x0 ../../LUFA/Drivers/USB/Class/Host/HIDParser.o
 .debug_str     0x00001e10       0xeb ../../LUFA/Drivers/USB/Class/Device/Audio.o
                                0x4e9 (size before relaxing)
 .debug_str     0x00001efb      0x154 ../../LUFA/Drivers/USB/Class/Device/CDC.o
                                0xa1c (size before relaxing)
 .debug_str     0x0000204f      0x272 ../../LUFA/Drivers/USB/Class/Device/HID.o
                                0x707 (size before relaxing)
 .debug_str     0x000022c1      0x249 ../../LUFA/Drivers/USB/Class/Device/MassStorage.o
                                0x828 (size before relaxing)
 .debug_str     0x0000250a      0x104 ../../LUFA/Drivers/USB/Class/Device/MIDI.o
                                0x724 (size before relaxing)
 .debug_str     0x0000260e      0x643 ../../LUFA/Drivers/USB/Class/Device/RNDIS.o
                                0xc20 (size before relaxing)
 .debug_str     0x00002c51        0x0 ../../LUFA/Drivers/USB/Class/Host/CDC.o
 .debug_str     0x00002c51        0x0 ../../LUFA/Drivers/USB/Class/Host/HID.o
 .debug_str     0x00002c51        0x0 ../../LUFA/Drivers/USB/Class/Host/MassStorage.o
 .debug_str     0x00002c51        0x0 ../../LUFA/Drivers/USB/Class/Host/MIDI.o
 .debug_str     0x00002c51        0x0 ../../LUFA/Drivers/USB/Class/Host/Printer.o
 .debug_str     0x00002c51        0x0 ../../LUFA/Drivers/USB/Class/Host/RNDIS.o
 .debug_str     0x00002c51        0x0 ../../LUFA/Drivers/USB/Class/Host/StillImage.o

.debug_loc      0x00000000     0x4efb
 *(.debug_loc)
 .debug_loc     0x00000000      0x58c Arduino-usbserial.o
 .debug_loc     0x0000058c      0x186 Descriptors.o
 .debug_loc     0x00000712     0x1bc2 ../../LUFA/Drivers/USB/LowLevel/Endpoint.o
 .debug_loc     0x000022d4       0x13 ../../LUFA/Drivers/USB/LowLevel/USBController.o
 .debug_loc     0x000022e7      0x20a ../../LUFA/Drivers/USB/LowLevel/USBInterrupt.o
 .debug_loc     0x000024f1      0x4c9 ../../LUFA/Drivers/USB/HighLevel/ConfigDescriptor.o
 .debug_loc     0x000029ba      0x2df ../../LUFA/Drivers/USB/HighLevel/DeviceStandardReq.o
 .debug_loc     0x00002c99       0x49 ../../LUFA/Drivers/USB/HighLevel/USBTask.o
 .debug_loc     0x00002ce2      0x1b3 ../../LUFA/Drivers/USB/Class/Device/Audio.o
 .debug_loc     0x00002e95      0x87e ../../LUFA/Drivers/USB/Class/Device/CDC.o
 .debug_loc     0x00003713      0x4b7 ../../LUFA/Drivers/USB/Class/Device/HID.o
 .debug_loc     0x00003bca      0x389 ../../LUFA/Drivers/USB/Class/Device/MassStorage.o
 .debug_loc     0x00003f53      0x3a6 ../../LUFA/Drivers/USB/Class/Device/MIDI.o
 .debug_loc     0x000042f9      0xc02 ../../LUFA/Drivers/USB/Class/Device/RNDIS.o

.debug_macinfo
 *(.debug_macinfo)

.debug_weaknames
 *(.debug_weaknames)

.debug_funcnames
 *(.debug_funcnames)

.debug_typenames
 *(.debug_typenames)

.debug_varnames
 *(.debug_varnames)

.debug_pubtypes
 *(.debug_pubtypes)

.debug_ranges   0x00000000      0x4a8
 *(.debug_ranges)
 .debug_ranges  0x00000000       0x60 Arduino-usbserial.o
 .debug_ranges  0x00000060       0x10 Descriptors.o
 .debug_ranges  0x00000070       0x10 ../../LUFA/Drivers/USB/LowLevel/Device.o
 .debug_ranges  0x00000080      0x168 ../../LUFA/Drivers/USB/LowLevel/Endpoint.o
 .debug_ranges  0x000001e8       0x20 ../../LUFA/Drivers/USB/LowLevel/USBController.o
 .debug_ranges  0x00000208       0x28 ../../LUFA/Drivers/USB/LowLevel/USBInterrupt.o
 .debug_ranges  0x00000230       0x28 ../../LUFA/Drivers/USB/HighLevel/ConfigDescriptor.o
 .debug_ranges  0x00000258       0x28 ../../LUFA/Drivers/USB/HighLevel/DeviceStandardReq.o
 .debug_ranges  0x00000280       0x10 ../../LUFA/Drivers/USB/HighLevel/Events.o
 .debug_ranges  0x00000290       0x10 ../../LUFA/Drivers/USB/HighLevel/USBTask.o
 .debug_ranges  0x000002a0       0x30 ../../LUFA/Drivers/USB/Class/Device/Audio.o
 .debug_ranges  0x000002d0       0x98 ../../LUFA/Drivers/USB/Class/Device/CDC.o
 .debug_ranges  0x00000368       0x38 ../../LUFA/Drivers/USB/Class/Device/HID.o
 .debug_ranges  0x000003a0       0x40 ../../LUFA/Drivers/USB/Class/Device/MassStorage.o
 .debug_ranges  0x000003e0       0x40 ../../LUFA/Drivers/USB/Class/Device/MIDI.o
 .debug_ranges  0x00000420       0x88 ../../LUFA/Drivers/USB/Class/Device/RNDIS.o

.debug_macro
 *(.debug_macro)
OUTPUT(Arduino-usbserial.elf elf32-avr)
LOAD linker stubs

Cross Reference Table

Symbol                                            File
Audio_Device_ConfigureEndpoints                   ../../LUFA/Drivers/USB/Class/Device/Audio.o
Audio_Device_ProcessControlRequest                ../../LUFA/Drivers/USB/Class/Device/Audio.o
CALLBACK_HID_Device_CreateHIDReport               ../../LUFA/Drivers/USB/Class/Device/HID.o
CALLBACK_HID_Device_ProcessHIDReport              ../../LUFA/Drivers/USB/Class/Device/HID.o
CALLBACK_MS_Device_SCSICommandReceived            ../../LUFA/Drivers/USB/Class/Device/MassStorage.o
CALLBACK_USB_GetDescriptor                        Descriptors.o
                                                  ../../LUFA/Drivers/USB/HighLevel/DeviceStandardReq.o
CDC_Device_BytesReceived                          ../../LUFA/Drivers/USB/Class/Device/CDC.o
CDC_Device_ConfigureEndpoints                     ../../LUFA/Drivers/USB/Class/Device/CDC.o
                                                  Arduino-usbserial.o
CDC_Device_CreateBlockingStream                   ../../LUFA/Drivers/USB/Class/Device/CDC.o
CDC_Device_CreateStream                           ../../LUFA/Drivers/USB/Class/Device/CDC.o
CDC_Device_Event_Stub                             ../../LUFA/Drivers/USB/Class/Device/CDC.o
CDC_Device_Flush                                  ../../LUFA/Drivers/USB/Class/Device/CDC.o
CDC_Device_ProcessControlRequest                  ../../LUFA/Drivers/USB/Class/Device/CDC.o
                                                  Arduino-usbserial.o
CDC_Device_ReceiveByte                            ../../LUFA/Drivers/USB/Class/Device/CDC.o
                                                  Arduino-usbserial.o
CDC_Device_SendByte                               ../../LUFA/Drivers/USB/Class/Device/CDC.o
                                                  Arduino-usbserial.o
CDC_Device_SendControlLineStateChange             ../../LUFA/Drivers/USB/Class/Device/CDC.o
CDC_Device_SendString                             ../../LUFA/Drivers/USB/Class/Device/CDC.o
CDC_Device_USBTask                                ../../LUFA/Drivers/USB/Class/Device/CDC.o
                                                  Arduino-usbserial.o
ConfigurationDescriptor                           Descriptors.o
CurrentDTRState                                   Arduino-usbserial.o
CurrentRTSState                                   Arduino-usbserial.o
DeviceDescriptor                                  Descriptors.o
EVENT_CDC_Device_BreakSent                        ../../LUFA/Drivers/USB/Class/Device/CDC.o
EVENT_CDC_Device_ControLineStateChanged           Arduino-usbserial.o
EVENT_CDC_Device_LineEncodingChanged              Arduino-usbserial.o
EVENT_USB_Device_ConfigurationChanged             Arduino-usbserial.o
                                                  ../../LUFA/Drivers/USB/HighLevel/DeviceStandardReq.o
EVENT_USB_Device_Connect                          ../../LUFA/Drivers/USB/HighLevel/Events.o
                                                  ../../LUFA/Drivers/USB/LowLevel/USBInterrupt.o
EVENT_USB_Device_Disconnect                       ../../LUFA/Drivers/USB/HighLevel/Events.o
                                                  ../../LUFA/Drivers/USB/LowLevel/USBInterrupt.o
EVENT_USB_Device_Reset                            ../../LUFA/Drivers/USB/HighLevel/Events.o
                                                  ../../LUFA/Drivers/USB/LowLevel/USBInterrupt.o
EVENT_USB_Device_StartOfFrame                     ../../LUFA/Drivers/USB/HighLevel/Events.o
                                                  ../../LUFA/Drivers/USB/LowLevel/USBInterrupt.o
EVENT_USB_Device_Suspend                          ../../LUFA/Drivers/USB/HighLevel/Events.o
EVENT_USB_Device_UnhandledControlRequest          Arduino-usbserial.o
                                                  ../../LUFA/Drivers/USB/HighLevel/DeviceStandardReq.o
EVENT_USB_Device_WakeUp                           ../../LUFA/Drivers/USB/HighLevel/Events.o
Endpoint_BytesToEPSizeMaskDynamic                 ../../LUFA/Drivers/USB/LowLevel/Endpoint.o
                                                  ../../LUFA/Drivers/USB/Class/Device/RNDIS.o
                                                  ../../LUFA/Drivers/USB/Class/Device/MIDI.o
                                                  ../../LUFA/Drivers/USB/Class/Device/MassStorage.o
                                                  ../../LUFA/Drivers/USB/Class/Device/HID.o
                                                  ../../LUFA/Drivers/USB/Class/Device/CDC.o
                                                  ../../LUFA/Drivers/USB/Class/Device/Audio.o
Endpoint_ClearEndpoints                           ../../LUFA/Drivers/USB/LowLevel/Endpoint.o
                                                  ../../LUFA/Drivers/USB/LowLevel/USBInterrupt.o
Endpoint_ClearStatusStage                         ../../LUFA/Drivers/USB/LowLevel/Endpoint.o
                                                  ../../LUFA/Drivers/USB/Class/Device/MassStorage.o
                                                  ../../LUFA/Drivers/USB/Class/Device/HID.o
                                                  ../../LUFA/Drivers/USB/Class/Device/CDC.o
                                                  ../../LUFA/Drivers/USB/Class/Device/Audio.o
                                                  ../../LUFA/Drivers/USB/HighLevel/DeviceStandardReq.o
Endpoint_ConfigureEndpoint_Prv                    ../../LUFA/Drivers/USB/LowLevel/Endpoint.o
                                                  ../../LUFA/Drivers/USB/Class/Device/RNDIS.o
                                                  ../../LUFA/Drivers/USB/Class/Device/MIDI.o
                                                  ../../LUFA/Drivers/USB/Class/Device/MassStorage.o
                                                  ../../LUFA/Drivers/USB/Class/Device/HID.o
                                                  ../../LUFA/Drivers/USB/Class/Device/CDC.o
                                                  ../../LUFA/Drivers/USB/Class/Device/Audio.o
                                                  ../../LUFA/Drivers/USB/LowLevel/USBInterrupt.o
Endpoint_Discard_Stream                           ../../LUFA/Drivers/USB/LowLevel/Endpoint.o
Endpoint_Read_Control_EStream_BE                  ../../LUFA/Drivers/USB/LowLevel/Endpoint.o
Endpoint_Read_Control_EStream_LE                  ../../LUFA/Drivers/USB/LowLevel/Endpoint.o
Endpoint_Read_Control_Stream_BE                   ../../LUFA/Drivers/USB/LowLevel/Endpoint.o
Endpoint_Read_Control_Stream_LE                   ../../LUFA/Drivers/USB/LowLevel/Endpoint.o
                                                  ../../LUFA/Drivers/USB/Class/Device/RNDIS.o
                                                  ../../LUFA/Drivers/USB/Class/Device/HID.o
                                                  ../../LUFA/Drivers/USB/Class/Device/CDC.o
Endpoint_Read_EStream_BE                          ../../LUFA/Drivers/USB/LowLevel/Endpoint.o
Endpoint_Read_EStream_LE                          ../../LUFA/Drivers/USB/LowLevel/Endpoint.o
Endpoint_Read_Stream_BE                           ../../LUFA/Drivers/USB/LowLevel/Endpoint.o
Endpoint_Read_Stream_LE                           ../../LUFA/Drivers/USB/LowLevel/Endpoint.o
                                                  ../../LUFA/Drivers/USB/Class/Device/RNDIS.o
                                                  ../../LUFA/Drivers/USB/Class/Device/MIDI.o
                                                  ../../LUFA/Drivers/USB/Class/Device/MassStorage.o
Endpoint_WaitUntilReady                           ../../LUFA/Drivers/USB/LowLevel/Endpoint.o
                                                  ../../LUFA/Drivers/USB/Class/Device/MIDI.o
                                                  ../../LUFA/Drivers/USB/Class/Device/CDC.o
Endpoint_Write_Control_EStream_BE                 ../../LUFA/Drivers/USB/LowLevel/Endpoint.o
Endpoint_Write_Control_EStream_LE                 ../../LUFA/Drivers/USB/LowLevel/Endpoint.o
Endpoint_Write_Control_PStream_BE                 ../../LUFA/Drivers/USB/LowLevel/Endpoint.o
Endpoint_Write_Control_PStream_LE                 ../../LUFA/Drivers/USB/LowLevel/Endpoint.o
                                                  ../../LUFA/Drivers/USB/HighLevel/DeviceStandardReq.o
Endpoint_Write_Control_Stream_BE                  ../../LUFA/Drivers/USB/LowLevel/Endpoint.o
Endpoint_Write_Control_Stream_LE                  ../../LUFA/Drivers/USB/LowLevel/Endpoint.o
                                                  ../../LUFA/Drivers/USB/Class/Device/RNDIS.o
                                                  ../../LUFA/Drivers/USB/Class/Device/HID.o
                                                  ../../LUFA/Drivers/USB/Class/Device/CDC.o
                                                  ../../LUFA/Drivers/USB/HighLevel/DeviceStandardReq.o
Endpoint_Write_EStream_BE                         ../../LUFA/Drivers/USB/LowLevel/Endpoint.o
Endpoint_Write_EStream_LE                         ../../LUFA/Drivers/USB/LowLevel/Endpoint.o
Endpoint_Write_PStream_BE                         ../../LUFA/Drivers/USB/LowLevel/Endpoint.o
Endpoint_Write_PStream_LE                         ../../LUFA/Drivers/USB/LowLevel/Endpoint.o
Endpoint_Write_Stream_BE                          ../../LUFA/Drivers/USB/LowLevel/Endpoint.o
Endpoint_Write_Stream_LE                          ../../LUFA/Drivers/USB/LowLevel/Endpoint.o
                                                  ../../LUFA/Drivers/USB/Class/Device/RNDIS.o
                                                  ../../LUFA/Drivers/USB/Class/Device/MIDI.o
                                                  ../../LUFA/Drivers/USB/Class/Device/MassStorage.o
                                                  ../../LUFA/Drivers/USB/Class/Device/HID.o
                                                  ../../LUFA/Drivers/USB/Class/Device/CDC.o
HID_Device_ConfigureEndpoints                     ../../LUFA/Drivers/USB/Class/Device/HID.o
HID_Device_ProcessControlRequest                  ../../LUFA/Drivers/USB/Class/Device/HID.o
HID_Device_USBTask                                ../../LUFA/Drivers/USB/Class/Device/HID.o
LanguageString                                    Descriptors.o
MIDI_Device_ConfigureEndpoints                    ../../LUFA/Drivers/USB/Class/Device/MIDI.o
MIDI_Device_Flush                                 ../../LUFA/Drivers/USB/Class/Device/MIDI.o
MIDI_Device_ReceiveEventPacket                    ../../LUFA/Drivers/USB/Class/Device/MIDI.o
MIDI_Device_SendEventPacket                       ../../LUFA/Drivers/USB/Class/Device/MIDI.o
MS_Device_ConfigureEndpoints                      ../../LUFA/Drivers/USB/Class/Device/MassStorage.o
MS_Device_ProcessControlRequest                   ../../LUFA/Drivers/USB/Class/Device/MassStorage.o
MS_Device_USBTask                                 ../../LUFA/Drivers/USB/Class/Device/MassStorage.o
ManufacturerString                                Descriptors.o
PreviousDTRState                                  Arduino-usbserial.o
PreviousRTSState                                  Arduino-usbserial.o
ProductString                                     Descriptors.o
PulseMSRemaining                                  Arduino-usbserial.o
RNDIS_Device_ConfigureEndpoints                   ../../LUFA/Drivers/USB/Class/Device/RNDIS.o
RNDIS_Device_ProcessControlRequest                ../../LUFA/Drivers/USB/Class/Device/RNDIS.o
RNDIS_Device_USBTask                              ../../LUFA/Drivers/USB/Class/Device/RNDIS.o
ResetTimer                                        Arduino-usbserial.o
Selected1200BPS                                   Arduino-usbserial.o
SetupHardware                                     Arduino-usbserial.o
USARTtoUSB_Buffer                                 Arduino-usbserial.o
USB_ConfigurationNumber                           ../../LUFA/Drivers/USB/HighLevel/DeviceStandardReq.o
                                                  ../../LUFA/Drivers/USB/LowLevel/USBInterrupt.o
                                                  ../../LUFA/Drivers/USB/LowLevel/USBController.o
USB_ControlRequest                                ../../LUFA/Drivers/USB/HighLevel/USBTask.o
                                                  ../../LUFA/Drivers/USB/Class/Device/RNDIS.o
                                                  ../../LUFA/Drivers/USB/Class/Device/MassStorage.o
                                                  ../../LUFA/Drivers/USB/Class/Device/HID.o
                                                  ../../LUFA/Drivers/USB/Class/Device/CDC.o
                                                  ../../LUFA/Drivers/USB/Class/Device/Audio.o
                                                  ../../LUFA/Drivers/USB/HighLevel/DeviceStandardReq.o
                                                  ../../LUFA/Drivers/USB/LowLevel/Endpoint.o
USB_CurrentlySelfPowered                          ../../LUFA/Drivers/USB/HighLevel/DeviceStandardReq.o
                                                  ../../LUFA/Drivers/USB/LowLevel/USBController.o
USB_Device_ProcessControlRequest                  ../../LUFA/Drivers/USB/HighLevel/DeviceStandardReq.o
                                                  ../../LUFA/Drivers/USB/HighLevel/USBTask.o
                                                  ../../LUFA/Drivers/USB/LowLevel/USBInterrupt.o
USB_Device_SendRemoteWakeup                       ../../LUFA/Drivers/USB/LowLevel/Device.o
USB_Event_Stub                                    ../../LUFA/Drivers/USB/HighLevel/Events.o
USB_GetNextDescriptorComp                         ../../LUFA/Drivers/USB/HighLevel/ConfigDescriptor.o
USB_GetNextDescriptorOfType                       ../../LUFA/Drivers/USB/HighLevel/ConfigDescriptor.o
USB_GetNextDescriptorOfTypeAfter                  ../../LUFA/Drivers/USB/HighLevel/ConfigDescriptor.o
USB_GetNextDescriptorOfTypeBefore                 ../../LUFA/Drivers/USB/HighLevel/ConfigDescriptor.o
USB_INT_ClearAllInterrupts                        ../../LUFA/Drivers/USB/LowLevel/USBInterrupt.o
                                                  ../../LUFA/Drivers/USB/LowLevel/USBController.o
USB_INT_DisableAllInterrupts                      ../../LUFA/Drivers/USB/LowLevel/USBInterrupt.o
                                                  ../../LUFA/Drivers/USB/LowLevel/USBController.o
USB_Init                                          ../../LUFA/Drivers/USB/LowLevel/USBController.o
                                                  Arduino-usbserial.o
USB_IsInitialized                                 ../../LUFA/Drivers/USB/HighLevel/USBTask.o
                                                  ../../LUFA/Drivers/USB/LowLevel/USBController.o
USB_RemoteWakeupEnabled                           ../../LUFA/Drivers/USB/HighLevel/DeviceStandardReq.o
                                                  ../../LUFA/Drivers/USB/LowLevel/USBController.o
USB_ResetInterface                                ../../LUFA/Drivers/USB/LowLevel/USBController.o
USB_ShutDown                                      ../../LUFA/Drivers/USB/LowLevel/USBController.o
USB_USBTask                                       ../../LUFA/Drivers/USB/HighLevel/USBTask.o
                                                  ../../LUFA/Drivers/USB/Class/Device/CDC.o
                                                  Arduino-usbserial.o
USBtoUSART_Buffer                                 Arduino-usbserial.o
VirtualSerial_CDC_Interface                       Arduino-usbserial.o
__bad_interrupt                                   /usr/lib/gcc/avr/4.8.1/../../../avr/lib/avr35/crtm16u2.o
__bss_end                                         /usr/lib/gcc/avr/4.8.1/avr35/libgcc.a(_clear_bss.o)
__bss_start                                       /usr/lib/gcc/avr/4.8.1/avr35/libgcc.a(_clear_bss.o)
__data_end                                        /usr/lib/gcc/avr/4.8.1/avr35/libgcc.a(_copy_data.o)
__data_load_start                                 /usr/lib/gcc/avr/4.8.1/avr35/libgcc.a(_copy_data.o)
__data_start                                      /usr/lib/gcc/avr/4.8.1/avr35/libgcc.a(_copy_data.o)
__divmodsi4                                       /usr/lib/gcc/avr/4.8.1/avr35/libgcc.a(_divmodsi4.o)
                                                  Arduino-usbserial.o
__do_clear_bss                                    /usr/lib/gcc/avr/4.8.1/avr35/libgcc.a(_clear_bss.o)
                                                  ../../LUFA/Drivers/USB/Class/Device/MassStorage.o
                                                  ../../LUFA/Drivers/USB/HighLevel/USBTask.o
                                                  ../../LUFA/Drivers/USB/HighLevel/DeviceStandardReq.o
                                                  Arduino-usbserial.o
__do_copy_data                                    /usr/lib/gcc/avr/4.8.1/avr35/libgcc.a(_copy_data.o)
                                                  ../../LUFA/Drivers/USB/Class/Device/RNDIS.o
                                                  ../../LUFA/Drivers/USB/Class/Device/CDC.o
                                                  Arduino-usbserial.o
__eerd_byte_m8u2                                  /usr/lib/gcc/avr/4.8.1/../../../avr/lib/avr35/libc.a(eerd_byte_atmega8u2.o)
                                                  ../../LUFA/Drivers/USB/LowLevel/Endpoint.o
__eeupd_byte_m8u2                                 /usr/lib/gcc/avr/4.8.1/../../../avr/lib/avr35/libc.a(eeupd_byte_atmega8u2.o)
                                                  ../../LUFA/Drivers/USB/LowLevel/Endpoint.o
__eeupd_r18_m8u2                                  /usr/lib/gcc/avr/4.8.1/../../../avr/lib/avr35/libc.a(eeupd_byte_atmega8u2.o)
__heap_end                                        /usr/lib/gcc/avr/4.8.1/../../../avr/lib/avr35/crtm16u2.o
__init                                            /usr/lib/gcc/avr/4.8.1/../../../avr/lib/avr35/crtm16u2.o
__negsi2                                          /usr/lib/gcc/avr/4.8.1/avr35/libgcc.a(_negsi2.o)
                                                  /usr/lib/gcc/avr/4.8.1/avr35/libgcc.a(_divmodsi4.o)
__stack                                           /usr/lib/gcc/avr/4.8.1/../../../avr/lib/avr35/crtm16u2.o
__tablejump2__                                    /usr/lib/gcc/avr/4.8.1/avr35/libgcc.a(_tablejump.o)
                                                  ../../LUFA/Drivers/USB/HighLevel/DeviceStandardReq.o
__tablejump__                                     /usr/lib/gcc/avr/4.8.1/avr35/libgcc.a(_tablejump.o)
__udivmodsi4                                      /usr/lib/gcc/avr/4.8.1/avr35/libgcc.a(_udivmodsi4.o)
                                                  /usr/lib/gcc/avr/4.8.1/avr35/libgcc.a(_divmodsi4.o)
                                                  Arduino-usbserial.o
__vector_1                                        /usr/lib/gcc/avr/4.8.1/../../../avr/lib/avr35/crtm16u2.o
__vector_10                                       /usr/lib/gcc/avr/4.8.1/../../../avr/lib/avr35/crtm16u2.o
__vector_11                                       ../../LUFA/Drivers/USB/LowLevel/USBInterrupt.o
                                                  /usr/lib/gcc/avr/4.8.1/../../../avr/lib/avr35/crtm16u2.o
__vector_12                                       ../../LUFA/Drivers/USB/LowLevel/USBInterrupt.o
                                                  /usr/lib/gcc/avr/4.8.1/../../../avr/lib/avr35/crtm16u2.o
__vector_13                                       /usr/lib/gcc/avr/4.8.1/../../../avr/lib/avr35/crtm16u2.o
__vector_14                                       /usr/lib/gcc/avr/4.8.1/../../../avr/lib/avr35/crtm16u2.o
__vector_15                                       /usr/lib/gcc/avr/4.8.1/../../../avr/lib/avr35/crtm16u2.o
__vector_16                                       /usr/lib/gcc/avr/4.8.1/../../../avr/lib/avr35/crtm16u2.o
__vector_17                                       /usr/lib/gcc/avr/4.8.1/../../../avr/lib/avr35/crtm16u2.o
__vector_18                                       /usr/lib/gcc/avr/4.8.1/../../../avr/lib/avr35/crtm16u2.o
__vector_19                                       /usr/lib/gcc/avr/4.8.1/../../../avr/lib/avr35/crtm16u2.o
__vector_2                                        /usr/lib/gcc/avr/4.8.1/../../../avr/lib/avr35/crtm16u2.o
__vector_20                                       /usr/lib/gcc/avr/4.8.1/../../../avr/lib/avr35/crtm16u2.o
__vector_21                                       /usr/lib/gcc/avr/4.8.1/../../../avr/lib/avr35/crtm16u2.o
__vector_22                                       /usr/lib/gcc/avr/4.8.1/../../../avr/lib/avr35/crtm16u2.o
__vector_23                                       Arduino-usbserial.o
                                                  /usr/lib/gcc/avr/4.8.1/../../../avr/lib/avr35/crtm16u2.o
__vector_24                                       /usr/lib/gcc/avr/4.8.1/../../../avr/lib/avr35/crtm16u2.o
__vector_25                                       /usr/lib/gcc/avr/4.8.1/../../../avr/lib/avr35/crtm16u2.o
__vector_26                                       /usr/lib/gcc/avr/4.8.1/../../../avr/lib/avr35/crtm16u2.o
__vector_27                                       /usr/lib/gcc/avr/4.8.1/../../../avr/lib/avr35/crtm16u2.o
__vector_28                                       /usr/lib/gcc/avr/4.8.1/../../../avr/lib/avr35/crtm16u2.o
__vector_3                                        /usr/lib/gcc/avr/4.8.1/../../../avr/lib/avr35/crtm16u2.o
__vector_4                                        /usr/lib/gcc/avr/4.8.1/../../../avr/lib/avr35/crtm16u2.o
__vector_5                                        /usr/lib/gcc/avr/4.8.1/../../../avr/lib/avr35/crtm16u2.o
__vector_6                                        /usr/lib/gcc/avr/4.8.1/../../../avr/lib/avr35/crtm16u2.o
__vector_7                                        /usr/lib/gcc/avr/4.8.1/../../../avr/lib/avr35/crtm16u2.o
__vector_8                                        /usr/lib/gcc/avr/4.8.1/../../../avr/lib/avr35/crtm16u2.o
__vector_9                                        /usr/lib/gcc/avr/4.8.1/../../../avr/lib/avr35/crtm16u2.o
__vector_default                                  /usr/lib/gcc/avr/4.8.1/../../../avr/lib/avr35/crtm16u2.o
__vectors                                         /usr/lib/gcc/avr/4.8.1/../../../avr/lib/avr35/crtm16u2.o
_exit                                             /usr/lib/gcc/avr/4.8.1/avr35/libgcc.a(_exit.o)
exit                                              /usr/lib/gcc/avr/4.8.1/avr35/libgcc.a(_exit.o)
                                                  /usr/lib/gcc/avr/4.8.1/../../../avr/lib/avr35/crtm16u2.o
main                                              Arduino-usbserial.o
                                                  /usr/lib/gcc/avr/4.8.1/../../../avr/lib/avr35/crtm16u2.o
memcmp                                            /usr/lib/gcc/avr/4.8.1/../../../avr/lib/avr35/libc.a(memcmp.o)
                                                  ../../LUFA/Drivers/USB/Class/Device/HID.o
memcpy                                            /usr/lib/gcc/avr/4.8.1/../../../avr/lib/avr35/libc.a(memcpy.o)
                                                  ../../LUFA/Drivers/USB/Class/Device/RNDIS.o
                                                  ../../LUFA/Drivers/USB/Class/Device/HID.o
memcpy_P                                          /usr/lib/gcc/avr/4.8.1/../../../avr/lib/avr35/libc.a(memcpy_P.o)
                                                  ../../LUFA/Drivers/USB/Class/Device/RNDIS.o
memset                                            /usr/lib/gcc/avr/4.8.1/../../../avr/lib/avr35/libc.a(memset.o)
                                                  ../../LUFA/Drivers/USB/Class/Device/HID.o
setErasePin                                       Arduino-usbserial.o
setResetPin                                       Arduino-usbserial.o
tries                                             Arduino-usbserial.o
